replaced_text
ReplacedIdentifier
ReplacedUnquotedText
ReplacedUnquotedidentifier
"ReplacedQuotedText"
"ReplacedQuotedIDENTIFIER"
	TAB INSERTED HERE !
